(procBegin,  main)
(addressOf,     r0,      a)
(constInt,     r1,        123)
(storeWord,     r0,      r1)
(addressOf,     r2,      a)
(loadWord,     r3,      r2)
(parameter,         0,      r3)
(call    ,  _Global_syscall_print_int)
(procEnd ,  main)
