(procBegin,  main)
(addressOf,     r0,      a)
(constInt,     r1,        123)
(storeWord,     r0,      r1)
(addressOf,     r2,      a)
(constInt,     r3,          1)
(loadWord,     r4,      r2)
(addSignedWord,     r5,      r4,      r3)
(storeWord,     r2,      r5)
(addressOf,     r6,      a)
(loadWord,     r7,      r6)
(parameter,         0,      r7)
(call    ,  _Global_syscall_print_int)
(procEnd ,  main)
