(procBegin,  main)
(addressOf,     r0,      i)
(addressOf,     r1,      j)
(addressOf,     r2,      k)
(addressOf,     r3,      l)
(loadWord,     r4,      r2)
(loadWord,     r5,      r3)
(multSignedWord,     r6,      r4,      r5)
(loadWord,     r7,      r1)
(addSignedWord,     r8,      r7,      r6)
(storeWord,     r0,      r8)
(procEnd ,  main)
