(procBegin,  _Global_functionName)
(procEnd ,  _Global_functionName)
(procBegin,  main)
(addressOf,     r0,      i)
(loadWord,     r1,      r0)
(parameter,         0,      r1)
(addressOf,     r2,      j)
(loadWord,     r3,      r2)
(parameter,         1,      r3)
(call    ,  _Global_functionName)
(procEnd ,  main)
