(procBegin,  main)
(addressOf,     r0,      i)
(constInt,     r1,          3)
(storeWord,     r0,      r1)
(label   ,  _GeneratedLabel_1)
(addressOf,     r2,      i)
(addressOf,     r3,      i)
(addressOf,     r4,      i)
(loadWord,     r5,      r3)
(loadWord,     r6,      r4)
(subSignedWord,     r7,      r5,      r6)
(storeWord,     r2,      r7)
(goto    ,  _GeneratedLabel_3)
(label   ,  _GeneratedLabel_2)
(addressOf,     r8,      i)
(loadWord,     r9,      r8)
(gotoIfTrue,     r9,   _GeneratedLabel_1)
(label   ,  _GeneratedLabel_3)
(procEnd ,  main)
