(procBegin,  main)
(addressOf,     r0,      i)
(constInt,     r1,          5)
(storeWord,     r0,      r1)
(procEnd ,  main)
