(procBegin,  _Global_functionName)
(addressOf,     r0,      j)
(constInt,     r1,          0)
(storeWord,     r0,      r1)
(addressOf,     r2,      j)
(loadWord,     r3,      r2)
(returnWord,     r3)
(goto    ,  _GeneratedLabel_1)
(addressOf,     r4,      j)
(constInt,     r5,         12)
(storeWord,     r4,      r5)
(label   ,  _GeneratedLabel_1)
(procEnd ,  _Global_functionName)
(procBegin,  main)
(addressOf,     r6,      i)
(call    ,  _Global_functionName)
(resultWord,     r7)
(storeWord,     r6,      r7)
(procEnd ,  main)
