(procBegin,  main)
(addressOf,     r0,      i)
(constInt,     r1,          3)
(storeWord,     r0,      r1)
(label   ,  _GeneratedLabel_1)
(addressOf,     r2,      i)
(loadWord,     r3,      r2)
(gotoIfFalse,     r3,   _GeneratedLabel_2)
(addressOf,     r4,      i)
(addressOf,     r5,      i)
(constInt,     r6,          1)
(loadWord,     r7,      r5)
(subSignedWord,     r8,      r7,      r6)
(storeWord,     r4,      r8)
(goto    ,  _GeneratedLabel_1)
(label   ,  _GeneratedLabel_2)
(procEnd ,  main)
