	.data
_Global_b: .word 0

	.text
	.globl main
_Global_potato:
	addiu $sp, $sp, -104
	sw $fp, 48($sp)
	or $fp, $sp, $0
	sw $ra, 52($fp)
	sw $a0, 0($fp)
	sw $a1, 4($fp)
	sw $a2, 8($fp)
	sw $a3, 12($fp)
	sw $s0, 16($fp)
	sw $s1, 20($fp)
	sw $s2, 24($fp)
	sw $s3, 28($fp)
	sw $s4, 32($fp)
	sw $s5, 36($fp)
	sw $s6, 40($fp)
	sw $s7, 44($fp)
	li $s0, 999
	or $v0, $s0, $0
	b _GeneratedLabel_1
_GeneratedLabel_1:
	lw $s7, 44($fp)
	lw $s6, 40($fp)
	lw $s5, 36($fp)
	lw $s4, 32($fp)
	lw $s3, 28($fp)
	lw $s2, 24($fp)
	lw $s1, 20($fp)
	lw $s0, 16($fp)
	lw $ra, 52($fp)
	lw $fp, 48($fp)
	addiu $sp, $sp, 104
	jr $ra
main:
	addiu $sp, $sp, -104
	sw $fp, 48($sp)
	or $fp, $sp, $0
	sw $ra, 52($fp)
	sw $a0, 0($fp)
	sw $a1, 4($fp)
	sw $a2, 8($fp)
	sw $a3, 12($fp)
	sw $s0, 16($fp)
	sw $s1, 20($fp)
	sw $s2, 24($fp)
	sw $s3, 28($fp)
	sw $s4, 32($fp)
	sw $s5, 36($fp)
	sw $s6, 40($fp)
	sw $s7, 44($fp)
	la $s1, _Global_b
	sw $t0, 56($fp)
	sw $t1, 60($fp)
	sw $t2, 64($fp)
	sw $t3, 68($fp)
	sw $t4, 72($fp)
	sw $t5, 76($fp)
	sw $t6, 80($fp)
	sw $t7, 84($fp)
	sw $t8, 88($fp)
	sw $t8, 92($fp)
	jal _Global_potato
	lw $t9, 92($fp)
	lw $t8, 88($fp)
	lw $t7, 84($fp)
	lw $t6, 80($fp)
	lw $t5, 76($fp)
	lw $t4, 72($fp)
	lw $t3, 68($fp)
	lw $t2, 64($fp)
	lw $t1, 60($fp)
	lw $t0, 56($fp)
	or $s2, $v0, $0
	sw $s2, 0($s1)
	la $s3, _Global_b
	lw $s4, 0($s3)
	or $a0, $s4, $0
	li $v0,1
	syscall
	li $v0,10
	syscall
