loc = 0002:0001-0002:0003     text = int                      token = [INT                 ]
loc = 0002:0005-0002:0005     text = a                        token = [IDENTIFIER          ]     name = a
loc = 0002:0007-0002:0007     text = =                        token = [EQUAL               ]
loc = 0002:0009-0002:0011     text = 123                      token = [NUMBER              ]     type =   signed  int     value = [123       ]
loc = 0002:0012-0002:0012     text = ;                        token = [SEMICOLON           ]
loc = 0004:0001-0004:0010     text = "failsafe"               token = [STRING              ]     val = failsafe
