loc = 0001:0001-0001:0001     text = 0                        token = [NUMBER              ]     type =   signed  int     value = [0         ]
loc = 0001:0003-0001:0003     text = 1                        token = [NUMBER              ]     type =   signed  int     value = [1         ]
loc = 0001:0005-0001:0005     text = 2                        token = [NUMBER              ]     type =   signed  int     value = [2         ]
loc = 0001:0007-0001:0007     text = 3                        token = [NUMBER              ]     type =   signed  int     value = [3         ]
loc = 0001:0009-0001:0009     text = 4                        token = [NUMBER              ]     type =   signed  int     value = [4         ]
loc = 0001:0011-0001:0011     text = 5                        token = [NUMBER              ]     type =   signed  int     value = [5         ]
loc = 0001:0013-0001:0013     text = 6                        token = [NUMBER              ]     type =   signed  int     value = [6         ]
loc = 0001:0015-0001:0015     text = 7                        token = [NUMBER              ]     type =   signed  int     value = [7         ]
loc = 0001:0017-0001:0017     text = 8                        token = [NUMBER              ]     type =   signed  int     value = [8         ]
loc = 0001:0019-0001:0019     text = 9                        token = [NUMBER              ]     type =   signed  int     value = [9         ]
loc = 0003:0001-0003:0002     text = 10                       token = [NUMBER              ]     type =   signed  int     value = [10        ]
loc = 0003:0004-0003:0005     text = 20                       token = [NUMBER              ]     type =   signed  int     value = [20        ]
loc = 0003:0007-0003:0008     text = 30                       token = [NUMBER              ]     type =   signed  int     value = [30        ]
