loc = 0001:0001-0001:0001     text = (                        token = [LEFT_PAREN          ]
loc = 0001:0003-0001:0003     text = )                        token = [RIGHT_PAREN         ]
loc = 0001:0005-0001:0005     text = [                        token = [LEFT_SQUARE         ]
loc = 0001:0007-0001:0007     text = ]                        token = [RIGHT_SQUARE        ]
loc = 0001:0009-0001:0009     text = {                        token = [LEFT_CURLY          ]
loc = 0001:0011-0001:0011     text = }                        token = [RIGHT_CURLY         ]
loc = 0001:0013-0001:0013     text = ,                        token = [COMMA               ]
loc = 0001:0015-0001:0015     text = ;                        token = [SEMICOLON           ]
loc = 0001:0017-0001:0017     text = :                        token = [COLON               ]
