loc = 0001:0001-0001:0010     text = identifier               token = [IDENTIFIER          ]     name = identifier
loc = 0002:0001-0002:0011     text = _identifier              token = [IDENTIFIER          ]     name = _identifier
loc = 0003:0001-0003:0016     text = _identifier_last         token = [IDENTIFIER          ]     name = _identifier_last
