Error (2, 1) to (2, 3): syntax error
signed int (a);
