=============== PARSE TREE ===============
signed int (main(void)) {
signed int (a[10]), (*(p));
(p=(signed int(*)) a);
}
================= SYMBOLS ================
Symbol Table ID: 0
  main -> function(signed int, [void])

Symbol Table ID: 1
  a -> array(10, signed int)
  p -> pointer(signed int)

